Command line invocation:
    /Applications/Xcode.app/Contents/Developer/usr/bin/xcodebuild test -project "Ahavat Yeshua.xcodeproj" -scheme "Ahavat Yeshua" -testPlan PullRequest -destination "platform=iOS Simulator,name=iPhone 15 Pro" -resultBundlePath TestResults.xcresult

Writing result bundle at path:
	/Users/ilyasheynblat/Documents/app/Ahavat-Yeshua/TestResults.xcresult

ComputePackagePrebuildTargetDependencyGraph

Prepare packages

CreateBuildRequest

SendProjectDescription

CreateBuildOperation

ComputeTargetDependencyGraph
note: Building targets in dependency order
note: Target dependency graph (3 targets)
    Target 'Ahavat YeshuaUITests' in project 'Ahavat Yeshua'
        ➜ Explicit dependency on target 'Ahavat Yeshua' in project 'Ahavat Yeshua'
    Target 'Ahavat Yeshua' in project 'Ahavat Yeshua'
        ➜ Explicit dependency on target 'Ahavat Yeshua WidgetExtension' in project 'Ahavat Yeshua'
    Target 'Ahavat Yeshua WidgetExtension' in project 'Ahavat Yeshua' (no dependencies)

GatherProvisioningInputs

CreateBuildDescription

ExecuteExternalTool /Applications/Xcode.app/Contents/Developer/usr/bin/actool --version --output-format xml1

ExecuteExternalTool /Applications/Xcode.app/Contents/Developer/Toolchains/XcodeDefault.xctoolchain/usr/bin/clang -v -E -dM -isysroot /Applications/Xcode.app/Contents/Developer/Platforms/iPhoneSimulator.platform/Developer/SDKs/iPhoneSimulator26.5.sdk -x c -c /dev/null

ExecuteExternalTool /Applications/Xcode.app/Contents/Developer/usr/bin/actool --print-asset-tag-combinations --output-format xml1 /Users/ilyasheynblat/Documents/app/Ahavat-Yeshua/Ahavat Yeshua/Preview Content/Preview Assets.xcassets /Users/ilyasheynblat/Documents/app/Ahavat-Yeshua/Ahavat Yeshua/Assets.xcassets

ExecuteExternalTool /Applications/Xcode.app/Contents/Developer/Toolchains/XcodeDefault.xctoolchain/usr/bin/swiftc --version

ExecuteExternalTool /Applications/Xcode.app/Contents/Developer/Toolchains/XcodeDefault.xctoolchain/usr/bin/ld -version_details

Build description signature: 5a053d4cf4e1e670c80d87b595ded35d
Build description path: /Users/ilyasheynblat/Library/Developer/Xcode/DerivedData/Ahavat_Yeshua-bllsvqygwosvbfdaiaeignkgtqat/Build/Intermediates.noindex/XCBuildData/5a053d4cf4e1e670c80d87b595ded35d.xcbuilddata
ClangStatCache /Applications/Xcode.app/Contents/Developer/Toolchains/XcodeDefault.xctoolchain/usr/bin/clang-stat-cache /Applications/Xcode.app/Contents/Developer/Platforms/iPhoneSimulator.platform/Developer/SDKs/iPhoneSimulator26.5.sdk /Users/ilyasheynblat/Library/Developer/Xcode/DerivedData/SDKStatCaches.noindex/iphonesimulator26.5-23F73-6cfe768891a92b912361537c460fe42b.sdkstatcache
    cd /Users/ilyasheynblat/Documents/app/Ahavat-Yeshua/Ahavat\ Yeshua.xcodeproj
    /Applications/Xcode.app/Contents/Developer/Toolchains/XcodeDefault.xctoolchain/usr/bin/clang-stat-cache /Applications/Xcode.app/Contents/Developer/Platforms/iPhoneSimulator.platform/Developer/SDKs/iPhoneSimulator26.5.sdk -o /Users/ilyasheynblat/Library/Developer/Xcode/DerivedData/SDKStatCaches.noindex/iphonesimulator26.5-23F73-6cfe768891a92b912361537c460fe42b.sdkstatcache

ProcessInfoPlistFile /Users/ilyasheynblat/Library/Developer/Xcode/DerivedData/Ahavat_Yeshua-bllsvqygwosvbfdaiaeignkgtqat/Build/Products/Debug-iphonesimulator/Ahavat\ Yeshua\ WidgetExtension.appex/Info.plist /Users/ilyasheynblat/Documents/app/Ahavat-Yeshua/Ahavat\ Yeshua\ Widget/Info.plist (in target 'Ahavat Yeshua WidgetExtension' from project 'Ahavat Yeshua')
    cd /Users/ilyasheynblat/Documents/app/Ahavat-Yeshua
    builtin-infoPlistUtility /Users/ilyasheynblat/Documents/app/Ahavat-Yeshua/Ahavat\ Yeshua\ Widget/Info.plist -producttype com.apple.product-type.app-extension -expandbuildsettings -format binary -platform iphonesimulator -additionalcontentfile /Users/ilyasheynblat/Library/Developer/Xcode/DerivedData/Ahavat_Yeshua-bllsvqygwosvbfdaiaeignkgtqat/Build/Intermediates.noindex/Ahavat\ Yeshua.build/Debug-iphonesimulator/Ahavat\ Yeshua\ WidgetExtension.build/assetcatalog_generated_info.plist -o /Users/ilyasheynblat/Library/Developer/Xcode/DerivedData/Ahavat_Yeshua-bllsvqygwosvbfdaiaeignkgtqat/Build/Products/Debug-iphonesimulator/Ahavat\ Yeshua\ WidgetExtension.appex/Info.plist

ProcessInfoPlistFile /Users/ilyasheynblat/Library/Developer/Xcode/DerivedData/Ahavat_Yeshua-bllsvqygwosvbfdaiaeignkgtqat/Build/Products/Debug-iphonesimulator/Ahavat\ Yeshua.app/Info.plist /Users/ilyasheynblat/Documents/app/Ahavat-Yeshua/Ahavat-Yeshua-Info.plist (in target 'Ahavat Yeshua' from project 'Ahavat Yeshua')
    cd /Users/ilyasheynblat/Documents/app/Ahavat-Yeshua
    builtin-infoPlistUtility /Users/ilyasheynblat/Documents/app/Ahavat-Yeshua/Ahavat-Yeshua-Info.plist -producttype com.apple.product-type.application -genpkginfo /Users/ilyasheynblat/Library/Developer/Xcode/DerivedData/Ahavat_Yeshua-bllsvqygwosvbfdaiaeignkgtqat/Build/Products/Debug-iphonesimulator/Ahavat\ Yeshua.app/PkgInfo -expandbuildsettings -format binary -platform iphonesimulator -additionalcontentfile /Users/ilyasheynblat/Library/Developer/Xcode/DerivedData/Ahavat_Yeshua-bllsvqygwosvbfdaiaeignkgtqat/Build/Intermediates.noindex/Ahavat\ Yeshua.build/Debug-iphonesimulator/Ahavat\ Yeshua.build/assetcatalog_generated_info.plist -scanforprivacyfile /Users/ilyasheynblat/Library/Developer/Xcode/DerivedData/Ahavat_Yeshua-bllsvqygwosvbfdaiaeignkgtqat/Build/Products/Debug-iphonesimulator/Ahavat\ Yeshua.app/PlugIns/Ahavat\ Yeshua\ WidgetExtension.appex -o /Users/ilyasheynblat/Library/Developer/Xcode/DerivedData/Ahavat_Yeshua-bllsvqygwosvbfdaiaeignkgtqat/Build/Products/Debug-iphonesimulator/Ahavat\ Yeshua.app/Info.plist

ProcessInfoPlistFile /Users/ilyasheynblat/Library/Developer/Xcode/DerivedData/Ahavat_Yeshua-bllsvqygwosvbfdaiaeignkgtqat/Build/Products/Debug-iphonesimulator/Ahavat\ YeshuaUITests-Runner.app/PlugIns/Ahavat\ YeshuaUITests.xctest/Info.plist /Users/ilyasheynblat/Library/Developer/Xcode/DerivedData/Ahavat_Yeshua-bllsvqygwosvbfdaiaeignkgtqat/Build/Intermediates.noindex/Ahavat\ Yeshua.build/Debug-iphonesimulator/Ahavat\ YeshuaUITests.build/empty-Ahavat\ YeshuaUITests.plist (in target 'Ahavat YeshuaUITests' from project 'Ahavat Yeshua')
    cd /Users/ilyasheynblat/Documents/app/Ahavat-Yeshua
    builtin-infoPlistUtility /Users/ilyasheynblat/Library/Developer/Xcode/DerivedData/Ahavat_Yeshua-bllsvqygwosvbfdaiaeignkgtqat/Build/Intermediates.noindex/Ahavat\ Yeshua.build/Debug-iphonesimulator/Ahavat\ YeshuaUITests.build/empty-Ahavat\ YeshuaUITests.plist -producttype com.apple.product-type.bundle.ui-testing -expandbuildsettings -format binary -platform iphonesimulator -additionalcontentfile /Users/ilyasheynblat/Library/Developer/Xcode/DerivedData/Ahavat_Yeshua-bllsvqygwosvbfdaiaeignkgtqat/Build/Intermediates.noindex/Ahavat\ Yeshua.build/Debug-iphonesimulator/Ahavat\ YeshuaUITests.build/ProductTypeInfoPlistAdditions.plist -o /Users/ilyasheynblat/Library/Developer/Xcode/DerivedData/Ahavat_Yeshua-bllsvqygwosvbfdaiaeignkgtqat/Build/Products/Debug-iphonesimulator/Ahavat\ YeshuaUITests-Runner.app/PlugIns/Ahavat\ YeshuaUITests.xctest/Info.plist

CopySwiftLibs /Users/ilyasheynblat/Library/Developer/Xcode/DerivedData/Ahavat_Yeshua-bllsvqygwosvbfdaiaeignkgtqat/Build/Products/Debug-iphonesimulator/Ahavat\ YeshuaUITests-Runner.app/PlugIns/Ahavat\ YeshuaUITests.xctest (in target 'Ahavat YeshuaUITests' from project 'Ahavat Yeshua')
    cd /Users/ilyasheynblat/Documents/app/Ahavat-Yeshua
    builtin-swiftStdLibTool --copy --verbose --sign - --scan-executable /Users/ilyasheynblat/Library/Developer/Xcode/DerivedData/Ahavat_Yeshua-bllsvqygwosvbfdaiaeignkgtqat/Build/Products/Debug-iphonesimulator/Ahavat\ YeshuaUITests-Runner.app/PlugIns/Ahavat\ YeshuaUITests.xctest/Ahavat\ YeshuaUITests --scan-folder /Users/ilyasheynblat/Library/Developer/Xcode/DerivedData/Ahavat_Yeshua-bllsvqygwosvbfdaiaeignkgtqat/Build/Products/Debug-iphonesimulator/Ahavat\ YeshuaUITests-Runner.app/PlugIns/Ahavat\ YeshuaUITests.xctest/Frameworks --scan-folder /Users/ilyasheynblat/Library/Developer/Xcode/DerivedData/Ahavat_Yeshua-bllsvqygwosvbfdaiaeignkgtqat/Build/Products/Debug-iphonesimulator/Ahavat\ YeshuaUITests-Runner.app/PlugIns/Ahavat\ YeshuaUITests.xctest/PlugIns --scan-folder /Users/ilyasheynblat/Library/Developer/Xcode/DerivedData/Ahavat_Yeshua-bllsvqygwosvbfdaiaeignkgtqat/Build/Products/Debug-iphonesimulator/Ahavat\ YeshuaUITests-Runner.app/PlugIns/Ahavat\ YeshuaUITests.xctest/SystemExtensions --scan-folder /Users/ilyasheynblat/Library/Developer/Xcode/DerivedData/Ahavat_Yeshua-bllsvqygwosvbfdaiaeignkgtqat/Build/Products/Debug-iphonesimulator/Ahavat\ YeshuaUITests-Runner.app/PlugIns/Ahavat\ YeshuaUITests.xctest/Extensions --platform iphonesimulator --toolchain /Applications/Xcode.app/Contents/Developer/Toolchains/XcodeDefault.xctoolchain --destination /Users/ilyasheynblat/Library/Developer/Xcode/DerivedData/Ahavat_Yeshua-bllsvqygwosvbfdaiaeignkgtqat/Build/Products/Debug-iphonesimulator/Ahavat\ YeshuaUITests-Runner.app/PlugIns/Ahavat\ YeshuaUITests.xctest/Frameworks --strip-bitcode --scan-executable /Applications/Xcode.app/Contents/Developer/Platforms/iPhoneSimulator.platform/Developer/usr/lib/libXCTestSwiftSupport.dylib --strip-bitcode-tool /Applications/Xcode.app/Contents/Developer/Toolchains/XcodeDefault.xctoolchain/usr/bin/bitcode_strip --emit-dependency-info /Users/ilyasheynblat/Library/Developer/Xcode/DerivedData/Ahavat_Yeshua-bllsvqygwosvbfdaiaeignkgtqat/Build/Intermediates.noindex/Ahavat\ Yeshua.build/Debug-iphonesimulator/Ahavat\ YeshuaUITests.build/SwiftStdLibToolInputDependencies.dep --filter-for-swift-os

2026-07-02 19:31:10.423 xcodebuild[10714:178302] [MT] IDELaunchParametersSnapshot: The operation couldn’t be completed. (DebuggerLLDB.DebuggerVersionStore.StoreError error 0.)
2026-07-02 19:31:10.423 xcodebuild[10714:178302] [MT] IDELaunchParametersSnapshot: no debugger version
2026-07-02 19:31:40.308 xcodebuild[10714:178302] [MT] IDELaunchParametersSnapshot: The operation couldn’t be completed. (DebuggerLLDB.DebuggerVersionStore.StoreError error 0.)
2026-07-02 19:31:40.309 xcodebuild[10714:178302] [MT] IDELaunchParametersSnapshot: no debugger version
2026-07-02 19:31:58.317 xcodebuild[10714:178302] [MT] IDELaunchParametersSnapshot: The operation couldn’t be completed. (DebuggerLLDB.DebuggerVersionStore.StoreError error 0.)
2026-07-02 19:31:58.317 xcodebuild[10714:178302] [MT] IDELaunchParametersSnapshot: no debugger version
2026-07-02 19:32:03.514 xcodebuild[10714:178302] [MT] IDELaunchParametersSnapshot: The operation couldn’t be completed. (DebuggerLLDB.DebuggerVersionStore.StoreError error 0.)
2026-07-02 19:32:03.514 xcodebuild[10714:178302] [MT] IDELaunchParametersSnapshot: no debugger version
2026-07-02 19:32:10.709 xcodebuild[10714:178302] [MT] IDETestOperationsObserverDebug: 88.584 elapsed -- Testing started completed.
2026-07-02 19:32:10.709 xcodebuild[10714:178302] [MT] IDETestOperationsObserverDebug: 0.000 sec, +0.000 sec -- start
2026-07-02 19:32:10.709 xcodebuild[10714:178302] [MT] IDETestOperationsObserverDebug: 88.584 sec, +88.584 sec -- end

Test session results, code coverage, and logs:
	/Users/ilyasheynblat/Documents/app/Ahavat-Yeshua/TestResults.xcresult

** TEST SUCCEEDED **

Testing started
Test suite 'CoreUITests' started on 'Clone 1 of iPhone 15 Pro - Ahavat YeshuaUITests-Runner (10945)'
Test case 'CoreUITests.testMainTabs()' passed on 'Clone 1 of iPhone 15 Pro - Ahavat YeshuaUITests-Runner (10945)' (27.252 seconds)
Test case 'CoreUITests.testNavigationTabBar()' passed on 'Clone 1 of iPhone 15 Pro - Ahavat YeshuaUITests-Runner (10945)' (19.694 seconds)
Test suite 'Ahavat_YeshuaUITestsLaunchTests' started on 'Clone 1 of iPhone 15 Pro - Ahavat YeshuaUITests-Runner (10945)'
Test case 'Ahavat_YeshuaUITestsLaunchTests.testLaunch()' passed on 'Clone 1 of iPhone 15 Pro - Ahavat YeshuaUITests-Runner (10945)' (5.348 seconds)
Test case 'Ahavat_YeshuaUITestsLaunchTests.testLaunch()' passed on 'Clone 1 of iPhone 15 Pro - Ahavat YeshuaUITests-Runner (10945)' (4.333 seconds)
